13240 clone(child_stack=NULL, flags=CLONE_CHILD_CLEARTID|CLONE_CHILD_SETTID|SIGCHLD <unfinished ...>
13387 set_robust_list(0x7f7fb804ca20, 24 <unfinished ...>
13368 futex(0x7f7fb8272000, FUTEX_WAKE, 1 <unfinished ...>
13387 <... set_robust_list resumed>)    = 0
13368 <... futex resumed>)              = 1
13243 <... futex resumed>)              = 0
13387 futex(0x7f7fb826f000, FUTEX_WAIT_BITSET|FUTEX_CLOCK_REALTIME, 0, NULL, FUTEX_BITSET_MATCH_ANY <unfinished ...>
13243 write(3, "149: O 3: molecule 3 created\n", 29 <unfinished ...>
13240 <... clone resumed>, child_tidptr=0x7f7fb804ca10) = 13388
13388 set_robust_list(0x7f7fb804ca20, 24 <unfinished ...>
13240 clone(child_stack=NULL, flags=CLONE_CHILD_CLEARTID|CLONE_CHILD_SETTID|SIGCHLD <unfinished ...>
13243 <... write resumed>)              = 29
13388 <... set_robust_list resumed>)    = 0
13243 futex(0x7f7fb826e000, FUTEX_WAIT_BITSET|FUTEX_CLOCK_REALTIME, 0, NULL, FUTEX_BITSET_MATCH_ANY <unfinished ...>
13368 futex(0x7f7fb8272000, FUTEX_WAKE, 1 <unfinished ...>
13388 futex(0x7f7fb826f000, FUTEX_WAIT_BITSET|FUTEX_CLOCK_REALTIME, 0, NULL, FUTEX_BITSET_MATCH_ANY <unfinished ...>
13368 <... futex resumed>)              = 1
13240 <... clone resumed>, child_tidptr=0x7f7fb804ca10) = 13389
13369 <... futex resumed>)              = 0
13389 set_robust_list(0x7f7fb804ca20, 24 <unfinished ...>
13240 clone(child_stack=NULL, flags=CLONE_CHILD_CLEARTID|CLONE_CHILD_SETTID|SIGCHLD <unfinished ...>
13368 futex(0x7f7fb8272000, FUTEX_WAKE, 1 <unfinished ...>
13389 <... set_robust_list resumed>)    = 0
13369 write(3, "150: H 29: molecule 3 created\n", 30 <unfinished ...>
13368 <... futex resumed>)              = 0
13389 futex(0x7f7fb826f000, FUTEX_WAIT_BITSET|FUTEX_CLOCK_REALTIME, 0, NULL, FUTEX_BITSET_MATCH_ANY <unfinished ...>
13368 futex(0x7f7fb826e000, FUTEX_WAKE, 1 <unfinished ...>
13240 <... clone resumed>, child_tidptr=0x7f7fb804ca10) = 13390
13390 set_robust_list(0x7f7fb804ca20, 24 <unfinished ...>
13369 <... write resumed>)              = 30
13368 <... futex resumed>)              = 1
13243 <... futex resumed>)              = 0
13240 clone(child_stack=NULL, flags=CLONE_CHILD_CLEARTID|CLONE_CHILD_SETTID|SIGCHLD <unfinished ...>
13390 <... set_robust_list resumed>)    = 0
13369 futex(0x7f7fb8273000, FUTEX_WAKE, 1 <unfinished ...>
13368 futex(0x7f7fb8273000, FUTEX_WAIT_BITSET|FUTEX_CLOCK_REALTIME, 0, NULL, FUTEX_BITSET_MATCH_ANY <unfinished ...>
13243 futex(0x7f7fb8271000, FUTEX_WAIT_BITSET|FUTEX_CLOCK_REALTIME, 0, NULL, FUTEX_BITSET_MATCH_ANY <unfinished ...>
13390 futex(0x7f7fb826f000, FUTEX_WAIT_BITSET|FUTEX_CLOCK_REALTIME, 0, NULL, FUTEX_BITSET_MATCH_ANY <unfinished ...>
13368 <... futex resumed>)              = -1 EAGAIN (Resource temporarily unavailable)
13369 <... futex resumed>)              = 0
13240 <... clone resumed>, child_tidptr=0x7f7fb804ca10) = 13391
13368 write(3, "151: H 28: molecule 3 created\n", 30 <unfinished ...>
13240 clone(child_stack=NULL, flags=CLONE_CHILD_CLEARTID|CLONE_CHILD_SETTID|SIGCHLD <unfinished ...>
13369 futex(0x7f7fb8271000, FUTEX_WAIT_BITSET|FUTEX_CLOCK_REALTIME, 0, NULL, FUTEX_BITSET_MATCH_ANY <unfinished ...>
13391 set_robust_list(0x7f7fb804ca20, 24 <unfinished ...>
13368 <... write resumed>)              = 30
13391 <... set_robust_list resumed>)    = 0
13368 futex(0x7f7fb8271000, FUTEX_WAKE, 1 <unfinished ...>
13391 futex(0x7f7fb826f000, FUTEX_WAIT_BITSET|FUTEX_CLOCK_REALTIME, 0, NULL, FUTEX_BITSET_MATCH_ANY <unfinished ...>
13240 <... clone resumed>, child_tidptr=0x7f7fb804ca10) = 13392
13392 set_robust_list(0x7f7fb804ca20, 24 <unfinished ...>
13368 <... futex resumed>)              = 1
13243 <... futex resumed>)              = 0
13240 clone(child_stack=NULL, flags=CLONE_CHILD_CLEARTID|CLONE_CHILD_SETTID|SIGCHLD <unfinished ...>
13368 futex(0x7f7fb8271000, FUTEX_WAKE, 1) = 1
13368 futex(0x7f7fb8271000, FUTEX_WAKE, 1) = 0
13368 close(3)                          = 0
13368 exit_group(0)                     = ?
13368 +++ exited with 0 +++
13240 <... clone resumed>, child_tidptr=0x7f7fb804ca10) = ? ERESTARTNOINTR (To be restarted)
13392 <... set_robust_list resumed>)    = 0
13369 <... futex resumed>)              = 0
13243 futex(0x7f7fb826f000, FUTEX_WAKE, 1 <unfinished ...>
13240 --- SIGCHLD {si_signo=SIGCHLD, si_code=CLD_EXITED, si_pid=13368, si_uid=1000, si_status=0, si_utime=0, si_stime=0} ---
13369 close(3 <unfinished ...>
13304 <... futex resumed>)              = 0
13240 clone(child_stack=NULL, flags=CLONE_CHILD_CLEARTID|CLONE_CHILD_SETTID|SIGCHLD <unfinished ...>
13243 <... futex resumed>)              = 1
13392 write(3, "152: H 52: started\n", 19 <unfinished ...>
13369 <... close resumed>)              = 0
13304 futex(0x7f7fb826f000, FUTEX_WAIT_BITSET|FUTEX_CLOCK_REALTIME, 0, NULL, FUTEX_BITSET_MATCH_ANY <unfinished ...>
13243 close(3 <unfinished ...>
13392 <... write resumed>)              = 19
13243 <... close resumed>)              = 0
13392 futex(0x7f7fb826f000, FUTEX_WAKE, 1 <unfinished ...>
13369 exit_group(0 <unfinished ...>
13392 <... futex resumed>)              = 1
13369 <... exit_group resumed>)         = ?
13275 <... futex resumed>)              = 0
13243 exit_group(0 <unfinished ...>
13392 clock_nanosleep(CLOCK_REALTIME, 0, {tv_sec=0, tv_nsec=0},  <unfinished ...>
13243 <... exit_group resumed>)         = ?
13240 <... clone resumed>, child_tidptr=0x7f7fb804ca10) = 13393
13240 clone(child_stack=NULL, flags=CLONE_CHILD_CLEARTID|CLONE_CHILD_SETTID|SIGCHLD <unfinished ...>
13393 set_robust_list(0x7f7fb804ca20, 24 <unfinished ...>
13392 <... clock_nanosleep resumed>NULL) = 0
13275 write(3, "153: O 35: started\n", 19 <unfinished ...>
13393 <... set_robust_list resumed>)    = 0
13392 futex(0x7f7fb8273000, FUTEX_WAIT_BITSET|FUTEX_CLOCK_REALTIME, 0, NULL, FUTEX_BITSET_MATCH_ANY <unfinished ...>
13243 +++ exited with 0 +++
13393 futex(0x7f7fb826f000, FUTEX_WAIT_BITSET|FUTEX_CLOCK_REALTIME, 0, NULL, FUTEX_BITSET_MATCH_ANY <unfinished ...>
13275 <... write resumed>)              = 19
13369 +++ exited with 0 +++
13275 futex(0x7f7fb8273000, FUTEX_WAKE, 1 <unfinished ...>
13240 <... clone resumed>, child_tidptr=0x7f7fb804ca10) = 13394
13275 <... futex resumed>)              = 1
13240 --- SIGCHLD {si_signo=SIGCHLD, si_code=CLD_EXITED, si_pid=13243, si_uid=1000, si_status=0, si_utime=0, si_stime=0} ---
13394 set_robust_list(0x7f7fb804ca20, 24 <unfinished ...>
13392 <... futex resumed>)              = 0
13240 clone(child_stack=NULL, flags=CLONE_CHILD_CLEARTID|CLONE_CHILD_SETTID|SIGCHLD <unfinished ...>
13394 <... set_robust_list resumed>)    = 0
13275 futex(0x7f7fb826f000, FUTEX_WAKE, 1 <unfinished ...>
13392 write(3, "154: H 52: going to queue\n", 26 <unfinished ...>
13394 futex(0x7f7fb8273000, FUTEX_WAIT_BITSET|FUTEX_CLOCK_REALTIME, 0, NULL, FUTEX_BITSET_MATCH_ANY <unfinished ...>
13306 <... futex resumed>)              = 0
13275 <... futex resumed>)              = 1
13392 <... write resumed>)              = 26
13306 futex(0x7f7fb826f000, FUTEX_WAIT_BITSET|FUTEX_CLOCK_REALTIME, 0, NULL, FUTEX_BITSET_MATCH_ANY <unfinished ...>
13392 futex(0x7f7fb8273000, FUTEX_WAKE, 1 <unfinished ...>
13275 clock_nanosleep(CLOCK_REALTIME, 0, {tv_sec=0, tv_nsec=0},  <unfinished ...>
13394 <... futex resumed>)              = 0
13392 <... futex resumed>)              = 1
13240 <... clone resumed>, child_tidptr=0x7f7fb804ca10) = 13395
13395 set_robust_list(0x7f7fb804ca20, 24 <unfinished ...>
13392 futex(0x7f7fb8275000, FUTEX_WAIT_BITSET|FUTEX_CLOCK_REALTIME, 0, NULL, FUTEX_BITSET_MATCH_ANY <unfinished ...>
13240 clone(child_stack=NULL, flags=CLONE_CHILD_CLEARTID|CLONE_CHILD_SETTID|SIGCHLD <unfinished ...>
13395 <... set_robust_list resumed>)    = 0
13394 write(3, "155: H 54: started\n", 19 <unfinished ...>
13275 <... clock_nanosleep resumed>NULL) = 0
13395 futex(0x7f7fb826f000, FUTEX_WAIT_BITSET|FUTEX_CLOCK_REALTIME, 0, NULL, FUTEX_BITSET_MATCH_ANY <unfinished ...>
13394 <... write resumed>)              = 19
13275 futex(0x7f7fb8273000, FUTEX_WAIT_BITSET|FUTEX_CLOCK_REALTIME, 0, NULL, FUTEX_BITSET_MATCH_ANY <unfinished ...>
13394 futex(0x7f7fb8273000, FUTEX_WAKE, 1 <unfinished ...>
13275 <... futex resumed>)              = -1 EAGAIN (Resource temporarily unavailable)
13394 <... futex resumed>)              = 0
13275 write(3, "156: O 35: going to queue\n", 26 <unfinished ...>
13240 <... clone resumed>, child_tidptr=0x7f7fb804ca10) = 13396
13396 set_robust_list(0x7f7fb804ca20, 24 <unfinished ...>
13394 futex(0x7f7fb8275000, FUTEX_WAKE, 1 <unfinished ...>
13240 clone(child_stack=NULL, flags=CLONE_CHILD_CLEARTID|CLONE_CHILD_SETTID|SIGCHLD <unfinished ...>
13396 <... set_robust_list resumed>)    = 0
13275 <... write resumed>)              = 26
13394 <... futex resumed>)              = 1
13392 <... futex resumed>)              = 0
13396 futex(0x7f7fb826f000, FUTEX_WAIT_BITSET|FUTEX_CLOCK_REALTIME, 0, NULL, FUTEX_BITSET_MATCH_ANY <unfinished ...>
13394 futex(0x7f7fb8275000, FUTEX_WAKE, 1 <unfinished ...>
13275 write(3, "157: O 35: not enough H\n", 24 <unfinished ...>
13392 futex(0x7f7fb8273000, FUTEX_WAIT_BITSET|FUTEX_CLOCK_REALTIME, 0, NULL, FUTEX_BITSET_MATCH_ANY <unfinished ...>
13394 <... futex resumed>)              = 0
13275 <... write resumed>)              = 24
13394 futex(0x7f7fb8270000, FUTEX_WAKE, 1 <unfinished ...>
13275 futex(0x7f7fb8273000, FUTEX_WAKE, 1 <unfinished ...>
13240 <... clone resumed>, child_tidptr=0x7f7fb804ca10) = 13397
13394 <... futex resumed>)              = 1
13275 <... futex resumed>)              = 1
13244 <... futex resumed>)              = 0
13392 <... futex resumed>)              = 0
13240 clone(child_stack=NULL, flags=CLONE_CHILD_CLEARTID|CLONE_CHILD_SETTID|SIGCHLD <unfinished ...>
13397 set_robust_list(0x7f7fb804ca20, 24 <unfinished ...>
13394 clock_nanosleep(CLOCK_REALTIME, 0, {tv_sec=0, tv_nsec=0},  <unfinished ...>
13397 <... set_robust_list resumed>)    = 0
13392 futex(0x7f7fb8273000, FUTEX_WAIT_BITSET|FUTEX_CLOCK_REALTIME, 0, NULL, FUTEX_BITSET_MATCH_ANY <unfinished ...>
13275 exit_group(0 <unfinished ...>
13244 write(3, "158: O 4: creating molecule 4\n", 30 <unfinished ...>
13275 <... exit_group resumed>)         = ?
13397 futex(0x7f7fb826f000, FUTEX_WAIT_BITSET|FUTEX_CLOCK_REALTIME, 0, NULL, FUTEX_BITSET_MATCH_ANY <unfinished ...>
13394 <... clock_nanosleep resumed>NULL) = 0
13244 <... write resumed>)              = 30
13394 futex(0x7f7fb8273000, FUTEX_WAIT_BITSET|FUTEX_CLOCK_REALTIME, 0, NULL, FUTEX_BITSET_MATCH_ANY <unfinished ...>
13240 <... clone resumed>, child_tidptr=0x7f7fb804ca10) = 13398
13398 set_robust_list(0x7f7fb804ca20, 24 <unfinished ...>
13244 futex(0x7f7fb8273000, FUTEX_WAKE, 1 <unfinished ...>
13240 clone(child_stack=NULL, flags=CLONE_CHILD_CLEARTID|CLONE_CHILD_SETTID|SIGCHLD <unfinished ...>
13394 <... futex resumed>)              = -1 EAGAIN (Resource temporarily unavailable)
13398 <... set_robust_list resumed>)    = 0
13244 <... futex resumed>)              = 1
13392 <... futex resumed>)              = 0
13398 futex(0x7f7fb826f000, FUTEX_WAIT_BITSET|FUTEX_CLOCK_REALTIME, 0, NULL, FUTEX_BITSET_MATCH_ANY <unfinished ...>
13394 write(3, "159: H 54: going to queue\n", 26 <unfinished ...>
13392 futex(0x7f7fb8273000, FUTEX_WAIT_BITSET|FUTEX_CLOCK_REALTIME, 0, NULL, FUTEX_BITSET_MATCH_ANY <unfinished ...>
13244 futex(0x7f7fb8272000, FUTEX_WAIT_BITSET|FUTEX_CLOCK_REALTIME, 0, NULL, FUTEX_BITSET_MATCH_ANY <unfinished ...>
13394 <... write resumed>)              = 26
13240 <... clone resumed>, child_tidptr=0x7f7fb804ca10) = 13399
13394 futex(0x7f7fb8273000, FUTEX_WAKE, 1 <unfinished ...>
13399 set_robust_list(0x7f7fb804ca20, 24 <unfinished ...>
13240 clone(child_stack=NULL, flags=CLONE_CHILD_CLEARTID|CLONE_CHILD_SETTID|SIGCHLD <unfinished ...>
13399 <... set_robust_list resumed>)    = 0
13394 <... futex resumed>)              = 1
13275 +++ exited with 0 +++
13240 <... clone resumed>, child_tidptr=0x7f7fb804ca10) = ? ERESTARTNOINTR (To be restarted)
13392 <... futex resumed>)              = 0
13240 --- SIGCHLD {si_signo=SIGCHLD, si_code=CLD_EXITED, si_pid=13275, si_uid=1000, si_status=0, si_utime=0, si_stime=0} ---
13399 futex(0x7f7fb826f000, FUTEX_WAIT_BITSET|FUTEX_CLOCK_REALTIME, 0, NULL, FUTEX_BITSET_MATCH_ANY <unfinished ...>
13394 write(3, "160: H 54: creating molecule 4\n", 31 <unfinished ...>
13392 futex(0x7f7fb8273000, FUTEX_WAIT_BITSET|FUTEX_CLOCK_REALTIME, 0, NULL, FUTEX_BITSET_MATCH_ANY <unfinished ...>
13240 clone(child_stack=NULL, flags=CLONE_CHILD_CLEARTID|CLONE_CHILD_SETTID|SIGCHLD <unfinished ...>
13394 <... write resumed>)              = 31
13394 futex(0x7f7fb8273000, FUTEX_WAKE, 1 <unfinished ...>
13240 <... clone resumed>, child_tidptr=0x7f7fb804ca10) = 13400
13394 <... futex resumed>)              = 1
13392 <... futex resumed>)              = 0
13240 clone(child_stack=NULL, flags=CLONE_CHILD_CLEARTID|CLONE_CHILD_SETTID|SIGCHLD <unfinished ...>
13394 futex(0x7f7fb8272000, FUTEX_WAIT_BITSET|FUTEX_CLOCK_REALTIME, 0, NULL, FUTEX_BITSET_MATCH_ANY <unfinished ...>
13392 write(3, "161: H 52: creating molecule 4\n", 31 <unfinished ...>
13400 set_robust_list(0x7f7fb804ca20, 24) = 0
13392 <... write resumed>)              = 31
13392 futex(0x7f7fb8272000, FUTEX_WAKE, 1 <unfinished ...>
13240 <... clone resumed>, child_tidptr=0x7f7fb804ca10) = 13401
13392 <... futex resumed>)              = 1
13240 clone(child_stack=NULL, flags=CLONE_CHILD_CLEARTID|CLONE_CHILD_SETTID|SIGCHLD <unfinished ...>
13400 futex(0x7f7fb826f000, FUTEX_WAIT_BITSET|FUTEX_CLOCK_REALTIME, 0, NULL, FUTEX_BITSET_MATCH_ANY <unfinished ...>
13392 futex(0x7f7fb8272000, FUTEX_WAKE, 1 <unfinished ...>
13401 set_robust_list(0x7f7fb804ca20, 24 <unfinished ...>
13392 <... futex resumed>)              = 1
13394 <... futex resumed>)              = 0
13244 <... futex resumed>)              = 0
13401 <... set_robust_list resumed>)    = 0
13392 futex(0x7f7fb8272000, FUTEX_WAKE, 1 <unfinished ...>
13394 write(3, "162: H 54: molecule 4 created\n", 30 <unfinished ...>
13244 futex(0x7f7fb8273000, FUTEX_WAIT_BITSET|FUTEX_CLOCK_REALTIME, 0, NULL, FUTEX_BITSET_MATCH_ANY <unfinished ...>
13240 <... clone resumed>, child_tidptr=0x7f7fb804ca10) = 13402
13392 <... futex resumed>)              = 0
13401 futex(0x7f7fb826f000, FUTEX_WAIT_BITSET|FUTEX_CLOCK_REALTIME, 0, NULL, FUTEX_BITSET_MATCH_ANY <unfinished ...>
13240 clone(child_stack=NULL, flags=CLONE_CHILD_CLEARTID|CLONE_CHILD_SETTID|SIGCHLD <unfinished ...>
13402 set_robust_list(0x7f7fb804ca20, 24 <unfinished ...>
13394 <... write resumed>)              = 30
13392 futex(0x7f7fb8273000, FUTEX_WAIT_BITSET|FUTEX_CLOCK_REALTIME, 0, NULL, FUTEX_BITSET_MATCH_ANY <unfinished ...>
13402 <... set_robust_list resumed>)    = 0
13394 futex(0x7f7fb8273000, FUTEX_WAKE, 1 <unfinished ...>
13392 <... futex resumed>)              = -1 EAGAIN (Resource temporarily unavailable)
13402 futex(0x7f7fb826f000, FUTEX_WAIT_BITSET|FUTEX_CLOCK_REALTIME, 0, NULL, FUTEX_BITSET_MATCH_ANY <unfinished ...>
13394 <... futex resumed>)              = 1
13240 <... clone resumed>, child_tidptr=0x7f7fb804ca10) = 13403
13392 write(3, "163: H 52: molecule 4 created\n", 30 <unfinished ...>
13244 <... futex resumed>)              = 0
13240 clone(child_stack=NULL, flags=CLONE_CHILD_CLEARTID|CLONE_CHILD_SETTID|SIGCHLD <unfinished ...>
13394 futex(0x7f7fb8271000, FUTEX_WAIT_BITSET|FUTEX_CLOCK_REALTIME, 0, NULL, FUTEX_BITSET_MATCH_ANY <unfinished ...>
13392 <... write resumed>)              = 30
13244 futex(0x7f7fb8273000, FUTEX_WAIT_BITSET|FUTEX_CLOCK_REALTIME, 0, NULL, FUTEX_BITSET_MATCH_ANY <unfinished ...>
13403 set_robust_list(0x7f7fb804ca20, 24 <unfinished ...>
13392 futex(0x7f7fb8273000, FUTEX_WAKE, 1 <unfinished ...>
13244 <... futex resumed>)              = -1 EAGAIN (Resource temporarily unavailable)
13392 <... futex resumed>)              = 0
13240 <... clone resumed>, child_tidptr=0x7f7fb804ca10) = 13404
13403 <... set_robust_list resumed>)    = 0
13244 write(3, "164: O 4: molecule 4 created\n", 29 <unfinished ...>
13240 clone(child_stack=NULL, flags=CLONE_CHILD_CLEARTID|CLONE_CHILD_SETTID|SIGCHLD <unfinished ...>
13404 set_robust_list(0x7f7fb804ca20, 24 <unfinished ...>
13392 futex(0x7f7fb8271000, FUTEX_WAIT_BITSET|FUTEX_CLOCK_REALTIME, 0, NULL, FUTEX_BITSET_MATCH_ANY <unfinished ...>
13404 <... set_robust_list resumed>)    = 0
13404 futex(0x7f7fb826f000, FUTEX_WAIT_BITSET|FUTEX_CLOCK_REALTIME, 0, NULL, FUTEX_BITSET_MATCH_ANY <unfinished ...>
13403 futex(0x7f7fb826f000, FUTEX_WAIT_BITSET|FUTEX_CLOCK_REALTIME, 0, NULL, FUTEX_BITSET_MATCH_ANY <unfinished ...>
13244 <... write resumed>)              = 29
13240 <... clone resumed>, child_tidptr=0x7f7fb804ca10) = 13405
13240 clone(child_stack=NULL, flags=CLONE_CHILD_CLEARTID|CLONE_CHILD_SETTID|SIGCHLD <unfinished ...>
13405 set_robust_list(0x7f7fb804ca20, 24 <unfinished ...>
13244 futex(0x7f7fb8271000, FUTEX_WAKE, 1 <unfinished ...>
13405 <... set_robust_list resumed>)    = 0
13244 <... futex resumed>)              = 1
13394 <... futex resumed>)              = 0
13394 close(3 <unfinished ...>
13244 futex(0x7f7fb8271000, FUTEX_WAKE, 1 <unfinished ...>
13405 futex(0x7f7fb826f000, FUTEX_WAIT_BITSET|FUTEX_CLOCK_REALTIME, 0, NULL, FUTEX_BITSET_MATCH_ANY <unfinished ...>
13240 <... clone resumed>, child_tidptr=0x7f7fb804ca10) = 13406
13394 <... close resumed>)              = 0
13244 <... futex resumed>)              = 1
13406 set_robust_list(0x7f7fb804ca20, 24 <unfinished ...>
13240 clone(child_stack=NULL, flags=CLONE_CHILD_CLEARTID|CLONE_CHILD_SETTID|SIGCHLD <unfinished ...>
13392 <... futex resumed>)              = 0
13406 <... set_robust_list resumed>)    = 0
13244 futex(0x7f7fb8271000, FUTEX_WAKE, 1 <unfinished ...>
13392 close(3 <unfinished ...>
13244 <... futex resumed>)              = 0
13406 futex(0x7f7fb826f000, FUTEX_WAIT_BITSET|FUTEX_CLOCK_REALTIME, 0, NULL, FUTEX_BITSET_MATCH_ANY <unfinished ...>
13392 <... close resumed>)              = 0
13244 futex(0x7f7fb826f000, FUTEX_WAKE, 1 <unfinished ...>
13406 <... futex resumed>)              = -1 EAGAIN (Resource temporarily unavailable)
13394 exit_group(0 <unfinished ...>
13240 <... clone resumed>, child_tidptr=0x7f7fb804ca10) = 13407
13392 exit_group(0 <unfinished ...>
13240 clone(child_stack=NULL, flags=CLONE_CHILD_CLEARTID|CLONE_CHILD_SETTID|SIGCHLD <unfinished ...>
13394 <... exit_group resumed>)         = ?
13307 <... futex resumed>)              = 0
13406 write(3, "165: H 66: started\n", 19 <unfinished ...>
13244 <... futex resumed>)              = 1
13392 <... exit_group resumed>)         = ?
13307 futex(0x7f7fb826f000, FUTEX_WAIT_BITSET|FUTEX_CLOCK_REALTIME, 0, NULL, FUTEX_BITSET_MATCH_ANY <unfinished ...>
13407 set_robust_list(0x7f7fb804ca20, 24 <unfinished ...>
13406 <... write resumed>)              = 19
13244 close(3 <unfinished ...>
13240 <... clone resumed>, child_tidptr=0x7f7fb804ca10) = 13408
13407 <... set_robust_list resumed>)    = 0
13406 futex(0x7f7fb826f000, FUTEX_WAKE, 1 <unfinished ...>
13240 clone(child_stack=NULL, flags=CLONE_CHILD_CLEARTID|CLONE_CHILD_SETTID|SIGCHLD <unfinished ...>
13244 <... close resumed>)              = 0
13406 <... futex resumed>)              = 1
13392 +++ exited with 0 +++
13308 <... futex resumed>)              = 0
13406 clock_nanosleep(CLOCK_REALTIME, 0, {tv_sec=0, tv_nsec=0},  <unfinished ...>
13308 futex(0x7f7fb826f000, FUTEX_WAIT_BITSET|FUTEX_CLOCK_REALTIME, 0, NULL, FUTEX_BITSET_MATCH_ANY <unfinished ...>
13407 write(3, "166: H 67: started\n", 19 <unfinished ...>
13240 <... clone resumed>, child_tidptr=0x7f7fb804ca10) = 13409
13244 exit_group(0 <unfinished ...>
13240 --- SIGCHLD {si_signo=SIGCHLD, si_code=CLD_EXITED, si_pid=13392, si_uid=1000, si_status=0, si_utime=0, si_stime=0} ---
13409 set_robust_list(0x7f7fb804ca20, 24 <unfinished ...>
13394 +++ exited with 0 +++
13240 --- SIGCHLD {si_signo=SIGCHLD, si_code=CLD_EXITED, si_pid=13394, si_uid=1000, si_status=0, si_utime=0, si_stime=0} ---
13407 <... write resumed>)              = 19
13406 <... clock_nanosleep resumed>NULL) = 0
13244 <... exit_group resumed>)         = ?
13409 <... set_robust_list resumed>)    = 0
13408 set_robust_list(0x7f7fb804ca20, 24 <unfinished ...>
13240 clone(child_stack=NULL, flags=CLONE_CHILD_CLEARTID|CLONE_CHILD_SETTID|SIGCHLD <unfinished ...>
13407 futex(0x7f7fb8270000, FUTEX_WAKE, 1 <unfinished ...>
13406 write(3, "167: H 66: going to queue\n", 26 <unfinished ...>
13409 futex(0x7f7fb826f000, FUTEX_WAIT_BITSET|FUTEX_CLOCK_REALTIME, 0, NULL, FUTEX_BITSET_MATCH_ANY <unfinished ...>
13408 <... set_robust_list resumed>)    = 0
13407 <... futex resumed>)              = 1
13406 <... write resumed>)              = 26
13245 <... futex resumed>)              = 0
13406 write(3, "168: H 66: creating molecule 5\n", 31 <unfinished ...>
13245 futex(0x7f7fb8273000, FUTEX_WAIT_BITSET|FUTEX_CLOCK_REALTIME, 0, NULL, FUTEX_BITSET_MATCH_ANY <unfinished ...>
13407 clock_nanosleep(CLOCK_REALTIME, 0, {tv_sec=0, tv_nsec=0},  <unfinished ...>
13240 <... clone resumed>, child_tidptr=0x7f7fb804ca10) = 13410
13408 futex(0x7f7fb826f000, FUTEX_WAIT_BITSET|FUTEX_CLOCK_REALTIME, 0, NULL, FUTEX_BITSET_MATCH_ANY <unfinished ...>
13406 <... write resumed>)              = 31
13240 clone(child_stack=NULL, flags=CLONE_CHILD_CLEARTID|CLONE_CHILD_SETTID|SIGCHLD <unfinished ...>
13410 set_robust_list(0x7f7fb804ca20, 24 <unfinished ...>
13244 +++ exited with 0 +++
13240 <... clone resumed>, child_tidptr=0x7f7fb804ca10) = ? ERESTARTNOINTR (To be restarted)
13406 futex(0x7f7fb8273000, FUTEX_WAKE, 1 <unfinished ...>
13240 --- SIGCHLD {si_signo=SIGCHLD, si_code=CLD_EXITED, si_pid=13244, si_uid=1000, si_status=0, si_utime=0, si_stime=0} ---
13410 <... set_robust_list resumed>)    = 0
13407 <... clock_nanosleep resumed>NULL) = 0
13240 clone(child_stack=NULL, flags=CLONE_CHILD_CLEARTID|CLONE_CHILD_SETTID|SIGCHLD <unfinished ...>
13406 <... futex resumed>)              = 1
13245 <... futex resumed>)              = 0
13410 futex(0x7f7fb826f000, FUTEX_WAIT_BITSET|FUTEX_CLOCK_REALTIME, 0, NULL, FUTEX_BITSET_MATCH_ANY <unfinished ...>
13407 write(3, "169: H 67: going to queue\n", 26 <unfinished ...>
13406 futex(0x7f7fb8272000, FUTEX_WAIT_BITSET|FUTEX_CLOCK_REALTIME, 0, NULL, FUTEX_BITSET_MATCH_ANY <unfinished ...>
13245 futex(0x7f7fb8273000, FUTEX_WAIT_BITSET|FUTEX_CLOCK_REALTIME, 0, NULL, FUTEX_BITSET_MATCH_ANY <unfinished ...>
13407 <... write resumed>)              = 26
13240 <... clone resumed>, child_tidptr=0x7f7fb804ca10) = 13411
13240 clone(child_stack=NULL, flags=CLONE_CHILD_CLEARTID|CLONE_CHILD_SETTID|SIGCHLD <unfinished ...>
13411 set_robust_list(0x7f7fb804ca20, 24) = 0
13240 <... clone resumed>, child_tidptr=0x7f7fb804ca10) = 13412
13412 set_robust_list(0x7f7fb804ca20, 24 <unfinished ...>
13411 futex(0x7f7fb826f000, FUTEX_WAIT_BITSET|FUTEX_CLOCK_REALTIME, 0, NULL, FUTEX_BITSET_MATCH_ANY <unfinished ...>
13240 clone(child_stack=NULL, flags=CLONE_CHILD_CLEARTID|CLONE_CHILD_SETTID|SIGCHLD <unfinished ...>
13412 <... set_robust_list resumed>)    = 0
13412 futex(0x7f7fb826f000, FUTEX_WAIT_BITSET|FUTEX_CLOCK_REALTIME, 0, NULL, FUTEX_BITSET_MATCH_ANY <unfinished ...>
13240 <... clone resumed>, child_tidptr=0x7f7fb804ca10) = 13413
13413 set_robust_list(0x7f7fb804ca20, 24 <unfinished ...>
13240 clone(child_stack=NULL, flags=CLONE_CHILD_CLEARTID|CLONE_CHILD_SETTID|SIGCHLD <unfinished ...>
13413 <... set_robust_list resumed>)    = 0
13413 futex(0x7f7fb826f000, FUTEX_WAIT_BITSET|FUTEX_CLOCK_REALTIME, 0, NULL, FUTEX_BITSET_MATCH_ANY <unfinished ...>
13240 <... clone resumed>, child_tidptr=0x7f7fb804ca10) = 13414
13414 set_robust_list(0x7f7fb804ca20, 24 <unfinished ...>
13240 clone(child_stack=NULL, flags=CLONE_CHILD_CLEARTID|CLONE_CHILD_SETTID|SIGCHLD <unfinished ...>
13414 <... set_robust_list resumed>)    = 0
13414 futex(0x7f7fb826f000, FUTEX_WAIT_BITSET|FUTEX_CLOCK_REALTIME, 0, NULL, FUTEX_BITSET_MATCH_ANY <unfinished ...>
13240 <... clone resumed>, child_tidptr=0x7f7fb804ca10) = 13415
13415 set_robust_list(0x7f7fb804ca20, 24 <unfinished ...>
13240 clone(child_stack=NULL, flags=CLONE_CHILD_CLEARTID|CLONE_CHILD_SETTID|SIGCHLD <unfinished ...>
13415 <... set_robust_list resumed>)    = 0
13415 futex(0x7f7fb826f000, FUTEX_WAIT_BITSET|FUTEX_CLOCK_REALTIME, 0, NULL, FUTEX_BITSET_MATCH_ANY <unfinished ...>
13407 futex(0x7f7fb8273000, FUTEX_WAKE, 1 <unfinished ...>
13240 <... clone resumed>, child_tidptr=0x7f7fb804ca10) = 13416
13240 clone(child_stack=NULL, flags=CLONE_CHILD_CLEARTID|CLONE_CHILD_SETTID|SIGCHLD <unfinished ...>
13416 set_robust_list(0x7f7fb804ca20, 24 <unfinished ...>
13407 <... futex resumed>)              = 1
13245 <... futex resumed>)              = 0
13416 <... set_robust_list resumed>)    = 0
13407 futex(0x7f7fb8273000, FUTEX_WAIT_BITSET|FUTEX_CLOCK_REALTIME, 0, NULL, FUTEX_BITSET_MATCH_ANY <unfinished ...>
13245 write(3, "170: O 5: creating molecule 5\n", 30 <unfinished ...>
13416 futex(0x7f7fb826f000, FUTEX_WAIT_BITSET|FUTEX_CLOCK_REALTIME, 0, NULL, FUTEX_BITSET_MATCH_ANY <unfinished ...>
13245 <... write resumed>)              = 30
13240 <... clone resumed>, child_tidptr=0x7f7fb804ca10) = 13417
13245 futex(0x7f7fb8273000, FUTEX_WAKE, 1 <unfinished ...>
13240 clone(child_stack=NULL, flags=CLONE_CHILD_CLEARTID|CLONE_CHILD_SETTID|SIGCHLD <unfinished ...>
13245 <... futex resumed>)              = 1
13407 <... futex resumed>)              = 0
13417 set_robust_list(0x7f7fb804ca20, 24 <unfinished ...>
13245 futex(0x7f7fb8272000, FUTEX_WAIT_BITSET|FUTEX_CLOCK_REALTIME, 0, NULL, FUTEX_BITSET_MATCH_ANY <unfinished ...>
13407 write(3, "171: H 67: creating molecule 5\n", 31 <unfinished ...>
13417 <... set_robust_list resumed>)    = 0
13407 <... write resumed>)              = 31
13240 <... clone resumed>, child_tidptr=0x7f7fb804ca10) = 13418
13417 futex(0x7f7fb826f000, FUTEX_WAIT_BITSET|FUTEX_CLOCK_REALTIME, 0, NULL, FUTEX_BITSET_MATCH_ANY <unfinished ...>
13407 futex(0x7f7fb8272000, FUTEX_WAKE, 1 <unfinished ...>
13240 clone(child_stack=NULL, flags=CLONE_CHILD_CLEARTID|CLONE_CHILD_SETTID|SIGCHLD <unfinished ...>
13407 <... futex resumed>)              = 1
13406 <... futex resumed>)              = 0
13407 futex(0x7f7fb8272000, FUTEX_WAKE, 1) = 1
13406 write(3, "172: H 66: molecule 5 created\n", 30 <unfinished ...>
13245 <... futex resumed>)              = 0
13418 set_robust_list(0x7f7fb804ca20, 24 <unfinished ...>
13407 futex(0x7f7fb8272000, FUTEX_WAKE, 1 <unfinished ...>
13245 futex(0x7f7fb8273000, FUTEX_WAIT_BITSET|FUTEX_CLOCK_REALTIME, 0, NULL, FUTEX_BITSET_MATCH_ANY <unfinished ...>
13240 <... clone resumed>, child_tidptr=0x7f7fb804ca10) = 13419
13418 <... set_robust_list resumed>)    = 0
13407 <... futex resumed>)              = 0
13406 <... write resumed>)              = 30
13240 clone(child_stack=NULL, flags=CLONE_CHILD_CLEARTID|CLONE_CHILD_SETTID|SIGCHLD <unfinished ...>
13407 futex(0x7f7fb8273000, FUTEX_WAIT_BITSET|FUTEX_CLOCK_REALTIME, 0, NULL, FUTEX_BITSET_MATCH_ANY <unfinished ...>
13406 futex(0x7f7fb8273000, FUTEX_WAKE, 1 <unfinished ...>
13419 set_robust_list(0x7f7fb804ca20, 24 <unfinished ...>
13407 <... futex resumed>)              = -1 EAGAIN (Resource temporarily unavailable)
13418 futex(0x7f7fb826f000, FUTEX_WAIT_BITSET|FUTEX_CLOCK_REALTIME, 0, NULL, FUTEX_BITSET_MATCH_ANY <unfinished ...>
13406 <... futex resumed>)              = 1
13419 <... set_robust_list resumed>)    = 0
13407 write(3, "173: H 67: molecule 5 created\n", 30 <unfinished ...>
13245 <... futex resumed>)              = 0
13406 futex(0x7f7fb8271000, FUTEX_WAIT_BITSET|FUTEX_CLOCK_REALTIME, 0, NULL, FUTEX_BITSET_MATCH_ANY <unfinished ...>
13245 futex(0x7f7fb8273000, FUTEX_WAIT_BITSET|FUTEX_CLOCK_REALTIME, 0, NULL, FUTEX_BITSET_MATCH_ANY <unfinished ...>
13240 <... clone resumed>, child_tidptr=0x7f7fb804ca10) = 13420
13407 <... write resumed>)              = 30
13419 futex(0x7f7fb826f000, FUTEX_WAIT_BITSET|FUTEX_CLOCK_REALTIME, 0, NULL, FUTEX_BITSET_MATCH_ANY <unfinished ...>
13240 clone(child_stack=NULL, flags=CLONE_CHILD_CLEARTID|CLONE_CHILD_SETTID|SIGCHLD <unfinished ...>
13407 futex(0x7f7fb8273000, FUTEX_WAKE, 1) = 1
13245 <... futex resumed>)              = 0
13407 futex(0x7f7fb8271000, FUTEX_WAIT_BITSET|FUTEX_CLOCK_REALTIME, 0, NULL, FUTEX_BITSET_MATCH_ANY <unfinished ...>
13245 write(3, "174: O 5: molecule 5 created\n", 29 <unfinished ...>
13240 <... clone resumed>, child_tidptr=0x7f7fb804ca10) = 13421
13420 set_robust_list(0x7f7fb804ca20, 24 <unfinished ...>
13245 <... write resumed>)              = 29
13240 clone(child_stack=NULL, flags=CLONE_CHILD_CLEARTID|CLONE_CHILD_SETTID|SIGCHLD <unfinished ...>
13420 <... set_robust_list resumed>)    = 0
13245 futex(0x7f7fb8271000, FUTEX_WAKE, 1 <unfinished ...>
13421 set_robust_list(0x7f7fb804ca20, 24 <unfinished ...>
13245 <... futex resumed>)              = 1
13420 futex(0x7f7fb826f000, FUTEX_WAIT_BITSET|FUTEX_CLOCK_REALTIME, 0, NULL, FUTEX_BITSET_MATCH_ANY <unfinished ...>
13406 <... futex resumed>)              = 0
13421 <... set_robust_list resumed>)    = 0
13245 futex(0x7f7fb8271000, FUTEX_WAKE, 1 <unfinished ...>
13406 close(3 <unfinished ...>
13245 <... futex resumed>)              = 1
13421 futex(0x7f7fb826f000, FUTEX_WAIT_BITSET|FUTEX_CLOCK_REALTIME, 0, NULL, FUTEX_BITSET_MATCH_ANY <unfinished ...>
13407 <... futex resumed>)              = 0
13245 futex(0x7f7fb8271000, FUTEX_WAKE, 1 <unfinished ...>
13406 <... close resumed>)              = 0
13240 <... clone resumed>, child_tidptr=0x7f7fb804ca10) = 13422
13245 <... futex resumed>)              = 0
13407 close(3 <unfinished ...>
13240 clone(child_stack=NULL, flags=CLONE_CHILD_CLEARTID|CLONE_CHILD_SETTID|SIGCHLD <unfinished ...>
13245 futex(0x7f7fb826f000, FUTEX_WAKE, 1 <unfinished ...>
13422 set_robust_list(0x7f7fb804ca20, 24 <unfinished ...>
13407 <... close resumed>)              = 0
13406 exit_group(0 <unfinished ...>
13245 <... futex resumed>)              = 1
13422 <... set_robust_list resumed>)    = 0
13261 <... futex resumed>)              = 0
13406 <... exit_group resumed>)         = ?
13245 close(3 <unfinished ...>
13407 exit_group(0 <unfinished ...>
13261 futex(0x7f7fb826f000, FUTEX_WAIT_BITSET|FUTEX_CLOCK_REALTIME, 0, NULL, FUTEX_BITSET_MATCH_ANY <unfinished ...>
13245 <... close resumed>)              = 0
13422 write(3, "175: H 82: started\n", 19 <unfinished ...>
13407 <... exit_group resumed>)         = ?
13240 <... clone resumed>, child_tidptr=0x7f7fb804ca10) = 13423
13245 exit_group(0 <unfinished ...>
13423 set_robust_list(0x7f7fb804ca20, 24 <unfinished ...>
13422 <... write resumed>)              = 19
13245 <... exit_group resumed>)         = ?
13240 clone(child_stack=NULL, flags=CLONE_CHILD_CLEARTID|CLONE_CHILD_SETTID|SIGCHLD <unfinished ...>
13423 <... set_robust_list resumed>)    = 0
13422 futex(0x7f7fb826f000, FUTEX_WAKE, 1) = 1
13406 +++ exited with 0 +++
13310 <... futex resumed>)              = 0
13422 clock_nanosleep(CLOCK_REALTIME, 0, {tv_sec=0, tv_nsec=0},  <unfinished ...>
13407 +++ exited with 0 +++
13310 futex(0x7f7fb826f000, FUTEX_WAIT_BITSET|FUTEX_CLOCK_REALTIME, 0, NULL, FUTEX_BITSET_MATCH_ANY <unfinished ...>
13423 write(3, "176: H 83: started\n", 19 <unfinished ...>
13245 +++ exited with 0 +++
13240 <... clone resumed>, child_tidptr=0x7f7fb804ca10) = 13424
13423 <... write resumed>)              = 19
13240 --- SIGCHLD {si_signo=SIGCHLD, si_code=CLD_EXITED, si_pid=13406, si_uid=1000, si_status=0, si_utime=0, si_stime=0} ---
13424 set_robust_list(0x7f7fb804ca20, 24 <unfinished ...>
13423 futex(0x7f7fb8270000, FUTEX_WAKE, 1 <unfinished ...>
13240 clone(child_stack=NULL, flags=CLONE_CHILD_CLEARTID|CLONE_CHILD_SETTID|SIGCHLD <unfinished ...>
13424 <... set_robust_list resumed>)    = 0
13422 <... clock_nanosleep resumed>NULL) = 0
13423 <... futex resumed>)              = 1
13424 futex(0x7f7fb826f000, FUTEX_WAIT_BITSET|FUTEX_CLOCK_REALTIME, 0, NULL, FUTEX_BITSET_MATCH_ANY <unfinished ...>
13422 write(3, "177: H 82: going to queue\n", 26 <unfinished ...>
13249 <... futex resumed>)              = 0
13423 clock_nanosleep(CLOCK_REALTIME, 0, {tv_sec=0, tv_nsec=0},  <unfinished ...>
13422 <... write resumed>)              = 26
13249 futex(0x7f7fb8273000, FUTEX_WAIT_BITSET|FUTEX_CLOCK_REALTIME, 0, NULL, FUTEX_BITSET_MATCH_ANY <unfinished ...>
13422 futex(0x7f7fb8273000, FUTEX_WAKE, 1 <unfinished ...>
13249 <... futex resumed>)              = -1 EAGAIN (Resource temporarily unavailable)
13240 <... clone resumed>, child_tidptr=0x7f7fb804ca10) = 13425
13422 <... futex resumed>)              = 0
13249 write(3, "178: O 9: creating molecule 6\n", 30 <unfinished ...>
13240 clone(child_stack=NULL, flags=CLONE_CHILD_CLEARTID|CLONE_CHILD_SETTID|SIGCHLD <unfinished ...>
13425 set_robust_list(0x7f7fb804ca20, 24 <unfinished ...>
13422 futex(0x7f7fb8273000, FUTEX_WAIT_BITSET|FUTEX_CLOCK_REALTIME, 0, NULL, FUTEX_BITSET_MATCH_ANY <unfinished ...>
13423 <... clock_nanosleep resumed>NULL) = 0
13425 <... set_robust_list resumed>)    = 0
13423 futex(0x7f7fb8273000, FUTEX_WAIT_BITSET|FUTEX_CLOCK_REALTIME, 0, NULL, FUTEX_BITSET_MATCH_ANY <unfinished ...>
13249 <... write resumed>)              = 30
13425 futex(0x7f7fb826f000, FUTEX_WAIT_BITSET|FUTEX_CLOCK_REALTIME, 0, NULL, FUTEX_BITSET_MATCH_ANY <unfinished ...>
13249 futex(0x7f7fb8273000, FUTEX_WAKE, 1) = 1
13240 <... clone resumed>, child_tidptr=0x7f7fb804ca10) = 13426
13422 <... futex resumed>)              = 0
13240 clone(child_stack=NULL, flags=CLONE_CHILD_CLEARTID|CLONE_CHILD_SETTID|SIGCHLD <unfinished ...>
13422 write(3, "179: H 82: creating molecule 6\n", 31 <unfinished ...>
13426 set_robust_list(0x7f7fb804ca20, 24 <unfinished ...>
13249 futex(0x7f7fb8272000, FUTEX_WAIT_BITSET|FUTEX_CLOCK_REALTIME, 0, NULL, FUTEX_BITSET_MATCH_ANY <unfinished ...>
13426 <... set_robust_list resumed>)    = 0
13422 <... write resumed>)              = 31
13426 futex(0x7f7fb826f000, FUTEX_WAIT_BITSET|FUTEX_CLOCK_REALTIME, 0, NULL, FUTEX_BITSET_MATCH_ANY <unfinished ...>
13422 futex(0x7f7fb8273000, FUTEX_WAKE, 1 <unfinished ...>
13423 <... futex resumed>)              = 0
13422 <... futex resumed>)              = 1
13240 <... clone resumed>, child_tidptr=0x7f7fb804ca10) = 13427
13423 write(3, "180: H 83: going to queue\n", 26 <unfinished ...>
13427 set_robust_list(0x7f7fb804ca20, 24 <unfinished ...>
13422 futex(0x7f7fb8272000, FUTEX_WAIT_BITSET|FUTEX_CLOCK_REALTIME, 0, NULL, FUTEX_BITSET_MATCH_ANY <unfinished ...>
13240 clone(child_stack=NULL, flags=CLONE_CHILD_CLEARTID|CLONE_CHILD_SETTID|SIGCHLD <unfinished ...>
13427 <... set_robust_list resumed>)    = 0
13423 <... write resumed>)              = 26
13427 futex(0x7f7fb826f000, FUTEX_WAIT_BITSET|FUTEX_CLOCK_REALTIME, 0, NULL, FUTEX_BITSET_MATCH_ANY <unfinished ...>
13423 write(3, "181: H 83: creating molecule 6\n", 31) = 31
13240 <... clone resumed>, child_tidptr=0x7f7fb804ca10) = 13428
13423 futex(0x7f7fb8272000, FUTEX_WAKE, 1 <unfinished ...>
13240 clone(child_stack=NULL, flags=CLONE_CHILD_CLEARTID|CLONE_CHILD_SETTID|SIGCHLD <unfinished ...>
13428 set_robust_list(0x7f7fb804ca20, 24 <unfinished ...>
13423 <... futex resumed>)              = 1
13428 <... set_robust_list resumed>)    = 0
13249 <... futex resumed>)              = 0
13423 futex(0x7f7fb8272000, FUTEX_WAKE, 1 <unfinished ...>
13249 write(3, "182: O 9: molecule 6 created\n", 29 <unfinished ...>
13428 futex(0x7f7fb826f000, FUTEX_WAIT_BITSET|FUTEX_CLOCK_REALTIME, 0, NULL, FUTEX_BITSET_MATCH_ANY <unfinished ...>
13423 <... futex resumed>)              = 1
13422 <... futex resumed>)              = 0
13249 <... write resumed>)              = 29
13423 futex(0x7f7fb8272000, FUTEX_WAKE, 1 <unfinished ...>
13422 futex(0x7f7fb8273000, FUTEX_WAIT_BITSET|FUTEX_CLOCK_REALTIME, 0, NULL, FUTEX_BITSET_MATCH_ANY <unfinished ...>
13249 futex(0x7f7fb8273000, FUTEX_WAKE, 1 <unfinished ...>
13240 <... clone resumed>, child_tidptr=0x7f7fb804ca10) = 13429
13423 <... futex resumed>)              = 0
13422 <... futex resumed>)              = -1 EAGAIN (Resource temporarily unavailable)
13240 clone(child_stack=NULL, flags=CLONE_CHILD_CLEARTID|CLONE_CHILD_SETTID|SIGCHLD <unfinished ...>
13429 set_robust_list(0x7f7fb804ca20, 24 <unfinished ...>
13249 <... futex resumed>)              = 0
13423 write(3, "183: H 83: molecule 6 created\n", 30 <unfinished ...>
13429 <... set_robust_list resumed>)    = 0
13422 futex(0x7f7fb8273000, FUTEX_WAIT_BITSET|FUTEX_CLOCK_REALTIME, 0, NULL, FUTEX_BITSET_MATCH_ANY <unfinished ...>
13249 futex(0x7f7fb8271000, FUTEX_WAIT_BITSET|FUTEX_CLOCK_REALTIME, 0, NULL, FUTEX_BITSET_MATCH_ANY <unfinished ...>
13429 futex(0x7f7fb826f000, FUTEX_WAIT_BITSET|FUTEX_CLOCK_REALTIME, 0, NULL, FUTEX_BITSET_MATCH_ANY <unfinished ...>
13423 <... write resumed>)              = 30
13423 futex(0x7f7fb8273000, FUTEX_WAKE, 1 <unfinished ...>
13240 <... clone resumed>, child_tidptr=0x7f7fb804ca10) = 13430
13423 <... futex resumed>)              = 1
13240 clone(child_stack=NULL, flags=CLONE_CHILD_CLEARTID|CLONE_CHILD_SETTID|SIGCHLD <unfinished ...>
13422 <... futex resumed>)              = 0
13423 futex(0x7f7fb8271000, FUTEX_WAIT_BITSET|FUTEX_CLOCK_REALTIME, 0, NULL, FUTEX_BITSET_MATCH_ANY <unfinished ...>
13430 set_robust_list(0x7f7fb804ca20, 24 <unfinished ...>
13422 write(3, "184: H 82: molecule 6 created\n", 30 <unfinished ...>
13430 <... set_robust_list resumed>)    = 0
13422 <... write resumed>)              = 30
13430 futex(0x7f7fb826f000, FUTEX_WAIT_BITSET|FUTEX_CLOCK_REALTIME, 0, NULL, FUTEX_BITSET_MATCH_ANY <unfinished ...>
13422 futex(0x7f7fb8271000, FUTEX_WAKE, 1) = 1
13249 <... futex resumed>)              = 0
13240 <... clone resumed>, child_tidptr=0x7f7fb804ca10) = 13431
13422 futex(0x7f7fb8271000, FUTEX_WAKE, 1 <unfinished ...>
13249 futex(0x7f7fb826f000, FUTEX_WAKE, 1 <unfinished ...>
13240 clone(child_stack=NULL, flags=CLONE_CHILD_CLEARTID|CLONE_CHILD_SETTID|SIGCHLD <unfinished ...>
13431 set_robust_list(0x7f7fb804ca20, 24 <unfinished ...>
13422 <... futex resumed>)              = 1
13423 <... futex resumed>)              = 0
13262 <... futex resumed>)              = 0
13422 futex(0x7f7fb8271000, FUTEX_WAKE, 1 <unfinished ...>
13431 <... set_robust_list resumed>)    = 0
13249 <... futex resumed>)              = 1
13423 close(3 <unfinished ...>
13422 <... futex resumed>)              = 0
13262 write(3, "185: O 22: started\n", 19 <unfinished ...>
13249 close(3 <unfinished ...>
13431 futex(0x7f7fb826f000, FUTEX_WAIT_BITSET|FUTEX_CLOCK_REALTIME, 0, NULL, FUTEX_BITSET_MATCH_ANY <unfinished ...>
13423 <... close resumed>)              = 0
13422 close(3 <unfinished ...>
13262 <... write resumed>)              = 19
13240 <... clone resumed>, child_tidptr=0x7f7fb804ca10) = 13432
13249 <... close resumed>)              = 0
13423 exit_group(0 <unfinished ...>
13422 <... close resumed>)              = 0
13262 futex(0x7f7fb826f000, FUTEX_WAKE, 1 <unfinished ...>
13240 clone(child_stack=NULL, flags=CLONE_CHILD_CLEARTID|CLONE_CHILD_SETTID|SIGCHLD <unfinished ...>
13432 set_robust_list(0x7f7fb804ca20, 24 <unfinished ...>
13423 <... exit_group resumed>)         = ?
13249 exit_group(0 <unfinished ...>
13262 <... futex resumed>)              = 1
13312 <... futex resumed>)              = 0
13432 <... set_robust_list resumed>)    = 0
13422 exit_group(0 <unfinished ...>
13249 <... exit_group resumed>)         = ?
13262 clock_nanosleep(CLOCK_REALTIME, 0, {tv_sec=0, tv_nsec=0},  <unfinished ...>
13422 <... exit_group resumed>)         = ?
13432 futex(0x7f7fb826f000, FUTEX_WAIT_BITSET|FUTEX_CLOCK_REALTIME, 0, NULL, FUTEX_BITSET_MATCH_ANY <unfinished ...>
13312 write(3, "186: O 72: started\n", 19 <unfinished ...>
13240 <... clone resumed>, child_tidptr=0x7f7fb804ca10) = 13433
13240 clone(child_stack=NULL, flags=CLONE_CHILD_CLEARTID|CLONE_CHILD_SETTID|SIGCHLD <unfinished ...>
13312 <... write resumed>)              = 19
13433 set_robust_list(0x7f7fb804ca20, 24 <unfinished ...>
13312 futex(0x7f7fb826f000, FUTEX_WAKE, 1 <unfinished ...>
13262 <... clock_nanosleep resumed>NULL) = 0
13249 +++ exited with 0 +++
13433 <... set_robust_list resumed>)    = 0
13423 +++ exited with 0 +++
13312 <... futex resumed>)              = 1
13262 write(3, "187: O 22: going to queue\n", 26 <unfinished ...>
13313 <... futex resumed>)              = 0
13433 futex(0x7f7fb8273000, FUTEX_WAIT_BITSET|FUTEX_CLOCK_REALTIME, 0, NULL, FUTEX_BITSET_MATCH_ANY <unfinished ...>
13422 +++ exited with 0 +++
13313 futex(0x7f7fb826f000, FUTEX_WAIT_BITSET|FUTEX_CLOCK_REALTIME, 0, NULL, FUTEX_BITSET_MATCH_ANY <unfinished ...>
13312 clock_nanosleep(CLOCK_REALTIME, 0, {tv_sec=0, tv_nsec=0},  <unfinished ...>
13262 <... write resumed>)              = 26
13240 <... clone resumed>, child_tidptr=0x7f7fb804ca10) = 13434
13262 futex(0x7f7fb8273000, FUTEX_WAKE, 1 <unfinished ...>
13240 --- SIGCHLD {si_signo=SIGCHLD, si_code=CLD_EXITED, si_pid=13249, si_uid=1000, si_status=0, si_utime=0, si_stime=0} ---
13434 set_robust_list(0x7f7fb804ca20, 24 <unfinished ...>
13262 <... futex resumed>)              = 1
13240 clone(child_stack=NULL, flags=CLONE_CHILD_CLEARTID|CLONE_CHILD_SETTID|SIGCHLD <unfinished ...>
13434 <... set_robust_list resumed>)    = 0
13433 <... futex resumed>)              = 0
13262 write(3, "188: O 22: not enough H\n", 24 <unfinished ...>
13433 futex(0x7f7fb8273000, FUTEX_WAIT_BITSET|FUTEX_CLOCK_REALTIME, 0, NULL, FUTEX_BITSET_MATCH_ANY <unfinished ...>
13312 <... clock_nanosleep resumed>NULL) = 0
13434 futex(0x7f7fb826f000, FUTEX_WAIT_BITSET|FUTEX_CLOCK_REALTIME, 0, NULL, FUTEX_BITSET_MATCH_ANY <unfinished ...>
13262 <... write resumed>)              = 24
13312 futex(0x7f7fb8273000, FUTEX_WAIT_BITSET|FUTEX_CLOCK_REALTIME, 0, NULL, FUTEX_BITSET_MATCH_ANY) = -1 EAGAIN (Resource temporarily unavailable)
13262 futex(0x7f7fb8273000, FUTEX_WAKE, 1 <unfinished ...>
13240 <... clone resumed>, child_tidptr=0x7f7fb804ca10) = 13435
13312 write(3, "189: O 72: going to queue\n", 26 <unfinished ...>
13262 <... futex resumed>)              = 1
13433 <... futex resumed>)              = 0
13240 clone(child_stack=NULL, flags=CLONE_CHILD_CLEARTID|CLONE_CHILD_SETTID|SIGCHLD <unfinished ...>
13435 set_robust_list(0x7f7fb804ca20, 24 <unfinished ...>
13312 <... write resumed>)              = 26
13433 futex(0x7f7fb8273000, FUTEX_WAIT_BITSET|FUTEX_CLOCK_REALTIME, 0, NULL, FUTEX_BITSET_MATCH_ANY <unfinished ...>
13312 futex(0x7f7fb8273000, FUTEX_WAKE, 1 <unfinished ...>
13435 <... set_robust_list resumed>)    = 0
13262 exit_group(0 <unfinished ...>
13433 <... futex resumed>)              = -1 EAGAIN (Resource temporarily unavailable)
13312 <... futex resumed>)              = 0
13262 <... exit_group resumed>)         = ?
13435 futex(0x7f7fb826f000, FUTEX_WAIT_BITSET|FUTEX_CLOCK_REALTIME, 0, NULL, FUTEX_BITSET_MATCH_ANY <unfinished ...>
13312 futex(0x7f7fb8273000, FUTEX_WAIT_BITSET|FUTEX_CLOCK_REALTIME, 0, NULL, FUTEX_BITSET_MATCH_ANY <unfinished ...>
13240 <... clone resumed>, child_tidptr=0x7f7fb804ca10) = 13436
13433 write(3, "190: H 93: started\n", 19 <unfinished ...>
13436 set_robust_list(0x7f7fb804ca20, 24 <unfinished ...>
13240 clone(child_stack=NULL, flags=CLONE_CHILD_CLEARTID|CLONE_CHILD_SETTID|SIGCHLD <unfinished ...>
13436 <... set_robust_list resumed>)    = 0
13433 <... write resumed>)              = 19
13436 futex(0x7f7fb826f000, FUTEX_WAIT_BITSET|FUTEX_CLOCK_REALTIME, 0, NULL, FUTEX_BITSET_MATCH_ANY <unfinished ...>
13433 futex(0x7f7fb8273000, FUTEX_WAKE, 1 <unfinished ...>
13262 +++ exited with 0 +++
13433 <... futex resumed>)              = 1
13312 <... futex resumed>)              = 0
13433 futex(0x7f7fb826f000, FUTEX_WAKE, 1 <unfinished ...>
13312 write(3, "191: O 72: not enough H\n", 24 <unfinished ...>
13240 <... clone resumed>, child_tidptr=0x7f7fb804ca10) = 13437
13433 <... futex resumed>)              = 1
13263 <... futex resumed>)              = 0
13240 --- SIGCHLD {si_signo=SIGCHLD, si_code=CLD_EXITED, si_pid=13262, si_uid=1000, si_status=0, si_utime=0, si_stime=0} ---
13437 set_robust_list(0x7f7fb804ca20, 24 <unfinished ...>
13312 <... write resumed>)              = 24
13240 clone(child_stack=NULL, flags=CLONE_CHILD_CLEARTID|CLONE_CHILD_SETTID|SIGCHLD <unfinished ...>
13433 clock_nanosleep(CLOCK_REALTIME, 0, {tv_sec=0, tv_nsec=0},  <unfinished ...>
13263 futex(0x7f7fb8273000, FUTEX_WAIT_BITSET|FUTEX_CLOCK_REALTIME, 0, NULL, FUTEX_BITSET_MATCH_ANY <unfinished ...>
13437 <... set_robust_list resumed>)    = 0
13312 futex(0x7f7fb8273000, FUTEX_WAKE, 1 <unfinished ...>
13263 <... futex resumed>)              = -1 EAGAIN (Resource temporarily unavailable)
13437 futex(0x7f7fb826f000, FUTEX_WAIT_BITSET|FUTEX_CLOCK_REALTIME, 0, NULL, FUTEX_BITSET_MATCH_ANY <unfinished ...>
13312 <... futex resumed>)              = 0
13433 <... clock_nanosleep resumed>NULL) = 0
13263 write(3, "192: O 23: started\n", 19 <unfinished ...>
13433 futex(0x7f7fb8273000, FUTEX_WAIT_BITSET|FUTEX_CLOCK_REALTIME, 0, NULL, FUTEX_BITSET_MATCH_ANY <unfinished ...>
13312 exit_group(0 <unfinished ...>
13240 <... clone resumed>, child_tidptr=0x7f7fb804ca10) = 13438
13312 <... exit_group resumed>)         = ?
13438 set_robust_list(0x7f7fb804ca20, 24 <unfinished ...>
13263 <... write resumed>)              = 19
13240 clone(child_stack=NULL, flags=CLONE_CHILD_CLEARTID|CLONE_CHILD_SETTID|SIGCHLD <unfinished ...>
13438 <... set_robust_list resumed>)    = 0
13263 futex(0x7f7fb8273000, FUTEX_WAKE, 1 <unfinished ...>
13438 futex(0x7f7fb826f000, FUTEX_WAIT_BITSET|FUTEX_CLOCK_REALTIME, 0, NULL, FUTEX_BITSET_MATCH_ANY <unfinished ...>
13433 <... futex resumed>)              = 0
13263 <... futex resumed>)              = 1
13433 write(3, "193: H 93: going to queue\n", 26 <unfinished ...>
13263 futex(0x7f7fb826f000, FUTEX_WAKE, 1 <unfinished ...>
13433 <... write resumed>)              = 26
13240 <... clone resumed>, child_tidptr=0x7f7fb804ca10) = 13439
13315 <... futex resumed>)              = 0
13263 <... futex resumed>)              = 1
13240 clone(child_stack=NULL, flags=CLONE_CHILD_CLEARTID|CLONE_CHILD_SETTID|SIGCHLD <unfinished ...>
13433 futex(0x7f7fb8275000, FUTEX_WAIT_BITSET|FUTEX_CLOCK_REALTIME, 0, NULL, FUTEX_BITSET_MATCH_ANY <unfinished ...>
13312 +++ exited with 0 +++
13439 set_robust_list(0x7f7fb804ca20, 24 <unfinished ...>
13240 <... clone resumed>, child_tidptr=0x7f7fb804ca10) = ? ERESTARTNOINTR (To be restarted)
13263 clock_nanosleep(CLOCK_REALTIME, 0, {tv_sec=0, tv_nsec=0},  <unfinished ...>
13315 write(3, "194: O 75: started\n", 19 <unfinished ...>
13240 --- SIGCHLD {si_signo=SIGCHLD, si_code=CLD_EXITED, si_pid=13312, si_uid=1000, si_status=0, si_utime=0, si_stime=0} ---
13439 <... set_robust_list resumed>)    = 0
13315 <... write resumed>)              = 19
13240 clone(child_stack=NULL, flags=CLONE_CHILD_CLEARTID|CLONE_CHILD_SETTID|SIGCHLD <unfinished ...>
13439 futex(0x7f7fb826f000, FUTEX_WAIT_BITSET|FUTEX_CLOCK_REALTIME, 0, NULL, FUTEX_BITSET_MATCH_ANY <unfinished ...>
13315 futex(0x7f7fb826f000, FUTEX_WAKE, 1 <unfinished ...>
13439 <... futex resumed>)              = -1 EAGAIN (Resource temporarily unavailable)
13315 <... futex resumed>)              = 1
13282 <... futex resumed>)              = 0
13263 <... clock_nanosleep resumed>NULL) = 0
13439 write(3, "195: H 99: started\n", 19 <unfinished ...>
13315 clock_nanosleep(CLOCK_REALTIME, 0, {tv_sec=0, tv_nsec=0},  <unfinished ...>
13282 futex(0x7f7fb826f000, FUTEX_WAIT_BITSET|FUTEX_CLOCK_REALTIME, 0, NULL, FUTEX_BITSET_MATCH_ANY <unfinished ...>
13263 futex(0x7f7fb8273000, FUTEX_WAIT_BITSET|FUTEX_CLOCK_REALTIME, 0, NULL, FUTEX_BITSET_MATCH_ANY <unfinished ...>
13439 <... write resumed>)              = 19
13240 <... clone resumed>, child_tidptr=0x7f7fb804ca10) = 13440
13439 futex(0x7f7fb8273000, FUTEX_WAKE, 1 <unfinished ...>
13440 set_robust_list(0x7f7fb804ca20, 24 <unfinished ...>
13240 clone(child_stack=NULL, flags=CLONE_CHILD_CLEARTID|CLONE_CHILD_SETTID|SIGCHLD <unfinished ...>
13439 <... futex resumed>)              = 1
13263 <... futex resumed>)              = 0
13440 <... set_robust_list resumed>)    = 0
13439 futex(0x7f7fb8275000, FUTEX_WAKE, 1 <unfinished ...>
13263 write(3, "196: O 23: going to queue\n", 26 <unfinished ...>
13315 <... clock_nanosleep resumed>NULL) = 0
13440 futex(0x7f7fb826f000, FUTEX_WAIT_BITSET|FUTEX_CLOCK_REALTIME, 0, NULL, FUTEX_BITSET_MATCH_ANY <unfinished ...>
13439 <... futex resumed>)              = 1
13433 <... futex resumed>)              = 0
13315 futex(0x7f7fb8273000, FUTEX_WAIT_BITSET|FUTEX_CLOCK_REALTIME, 0, NULL, FUTEX_BITSET_MATCH_ANY <unfinished ...>
13263 <... write resumed>)              = 26
13439 futex(0x7f7fb8275000, FUTEX_WAKE, 1 <unfinished ...>
13433 futex(0x7f7fb8273000, FUTEX_WAIT_BITSET|FUTEX_CLOCK_REALTIME, 0, NULL, FUTEX_BITSET_MATCH_ANY <unfinished ...>
13240 <... clone resumed>, child_tidptr=0x7f7fb804ca10) = 13441
13263 futex(0x7f7fb8273000, FUTEX_WAKE, 1 <unfinished ...>
13441 set_robust_list(0x7f7fb804ca20, 24 <unfinished ...>
13439 <... futex resumed>)              = 0
13433 <... futex resumed>)              = -1 EAGAIN (Resource temporarily unavailable)
13240 wait4(-1,  <unfinished ...>
13263 <... futex resumed>)              = 1
13441 <... set_robust_list resumed>)    = 0
13439 futex(0x7f7fb8270000, FUTEX_WAKE, 1 <unfinished ...>
13315 <... futex resumed>)              = 0
13433 write(3, "197: H 93: creating molecule 7\n", 31 <unfinished ...>
13263 futex(0x7f7fb8273000, FUTEX_WAIT_BITSET|FUTEX_CLOCK_REALTIME, 0, NULL, FUTEX_BITSET_MATCH_ANY <unfinished ...>
13240 <... wait4 resumed>NULL, 0, NULL) = 13241
13441 futex(0x7f7fb826f000, FUTEX_WAIT_BITSET|FUTEX_CLOCK_REALTIME, 0, NULL, FUTEX_BITSET_MATCH_ANY <unfinished ...>
13439 <... futex resumed>)              = 1
13315 futex(0x7f7fb8273000, FUTEX_WAIT_BITSET|FUTEX_CLOCK_REALTIME, 0, NULL, FUTEX_BITSET_MATCH_ANY <unfinished ...>
13252 <... futex resumed>)              = 0
13240 wait4(-1,  <unfinished ...>
13433 <... write resumed>)              = 31
13252 futex(0x7f7fb8273000, FUTEX_WAIT_BITSET|FUTEX_CLOCK_REALTIME, 0, NULL, FUTEX_BITSET_MATCH_ANY <unfinished ...>
13439 clock_nanosleep(CLOCK_REALTIME, 0, {tv_sec=0, tv_nsec=0},  <unfinished ...>
13240 <... wait4 resumed>NULL, 0, NULL) = 13242
13433 futex(0x7f7fb8273000, FUTEX_WAKE, 1 <unfinished ...>
13252 <... futex resumed>)              = -1 EAGAIN (Resource temporarily unavailable)
13240 wait4(-1,  <unfinished ...>
